// Vitest Snapshot v1, https://vitest.dev/guide/snapshot.html

exports[`PublishCandidateBar DOM structure (PRD V0.2 step B) > PublishCandidateBar renders a single button gated on bodyCandidateVisible 1`] = `
"<template>
  <div
    v-if="candidate.bodyCandidateVisible.value"
    class="publish-candidate-bar"
    :aria-label="PUBLISH_BODY_CANDIDATE_LABEL"
    role="status"
    data-testid="publish-candidate-bar"
  >
    <button
      type="button"
      class="publish-candidate-bar__action"
      :aria-label="
        candidate.bodyCandidateApplied.value
          ? PUBLISH_BODY_CANDIDATE_REVERT
          : PUBLISH_BODY_CANDIDATE_APPLY
      "
      :data-mode="candidate.bodyCandidateApplied.value ? 'revert' : 'apply'"
      data-testid="publish-candidate-bar-action"
      @click="onClick"
    >
      {{
        candidate.bodyCandidateApplied.value
          ? PUBLISH_BODY_CANDIDATE_REVERT
          : PUBLISH_BODY_CANDIDATE_APPLY
      }}
    </button>
  </div>
</template>"
`;
